PS F:\AngularTestApp\My-Ecommerce-Portal\organic-shop> npm install firebase @angular/fire --save

> core-js@3.6.5 postinstall F:\AngularTestApp\My-Ecommerce-Portal\organic-shop\node_modules\@firebase\polyfill\node_modules\core-js
> node -e "try{require('./postinstall')}catch(e){}"

Thank you for using core-js ( https://github.com/zloirock/core-js ) for polyfilling JavaScript standard library!

The project needs your help! Please consider supporting of core-js on Open Collective or Patreon: 
> https://opencollective.com/core-js 
> https://www.patreon.com/zloirock 

Also, the author of core-js ( https://github.com/zloirock ) is looking for a good job -)


> protobufjs@6.11.2 postinstall F:\AngularTestApp\My-Ecommerce-Portal\organic-shop\node_modules\protobufjs
> node scripts/postinstall

npm WARN ajv-keywords@3.5.2 requires a peer of ajv@^6.9.1 but none is installed. You must install peer dependencies yourself.
npm WARN karma-jasmine-html-reporter@1.7.0 requires a peer of jasmine-core@>=3.8 but none is installed. You must install peer dependencies yourself.
npm WARN @angular/fire@7.2.0 requires a peer of rxfire@^6.0.0 but none is installed. You must install peer dependencies yourself.
npm WARN optional SKIPPING OPTIONAL DEPENDENCY: fsevents@2.3.2 (node_modules\fsevents):
npm WARN notsup SKIPPING OPTIONAL DEPENDENCY: Unsupported platform for fsevents@2.3.2: wanted {"os":"darwin","arch":"any"} (current: {"os":"win32","arch":"x64"})
npm WARN optional SKIPPING OPTIONAL DEPENDENCY: fsevents@1.2.13 (node_modules\webpack-dev-server\node_modules\fsevents):
npm WARN notsup SKIPPING OPTIONAL DEPENDENCY: Unsupported platform for fsevents@1.2.13: wanted {"os":"darwin","arch":"any"} (current: {"os":"win32","arch":"x64"})

+ @angular/fire@7.2.0
added 122 packages from 100 contributors, removed 1 package and audited 1442 packages in 26.445s

90 packages are looking for funding
  run `npm fund` for details

found 7 vulnerabilities (5 moderate, 2 high)
  run `npm audit fix` to fix them, or `npm audit` for details
PS F:\AngularTestApp\My-Ecommerce-Portal\organic-shop> npm install firebase-tools --save        
npm WARN deprecated uuid@3.4.0: Please upgrade  to version 7 or higher.  Older versions may use Math.random() in certain circumstances, which is known to be problematic.  See https://v8.dev/blog/math-random for details.

> re2@1.17.1 install F:\AngularTestApp\My-Ecommerce-Portal\organic-shop\node_modules\re2
> install-from-cache --artifact build/Release/re2.node --host-var RE2_DOWNLOAD_MIRROR || npm run rebuild

Trying https://github.com/uhop/node-re2/releases/download/1.17.1/win32-x64-83.br ...
Writing to build/Release/re2.node ...
Done.
npm WARN @angular/fire@7.2.0 requires a peer of rxfire@^6.0.0 but none is installed. You must install peer dependencies yourself.   
npm WARN ajv-keywords@3.5.2 requires a peer of ajv@^6.9.1 but none is installed. You must install peer dependencies yourself.       
npm WARN karma-jasmine-html-reporter@1.7.0 requires a peer of jasmine-core@>=3.8 but none is installed. You must install peer dependencies yourself.
npm WARN optional SKIPPING OPTIONAL DEPENDENCY: fsevents@1.2.13 (node_modules\webpack-dev-server\node_modules\fsevents):
npm WARN notsup SKIPPING OPTIONAL DEPENDENCY: Unsupported platform for fsevents@1.2.13: wanted {"os":"darwin","arch":"any"} (current: {"os":"win32","arch":"x64"})
npm WARN optional SKIPPING OPTIONAL DEPENDENCY: fsevents@2.3.2 (node_modules\fsevents):
npm WARN notsup SKIPPING OPTIONAL DEPENDENCY: Unsupported platform for fsevents@2.3.2: wanted {"os":"darwin","arch":"any"} (current: {"os":"win32","arch":"x64"})
+ firebase-tools@10.0.0
added 374 packages from 208 contributors and audited 1817 packages in 35.547s

104 packages are looking for funding
  run `npm fund` for details

found 11 vulnerabilities (9 moderate, 2 high)
  run `npm audit fix` to fix them, or `npm audit` for details
firebase : The term 'firebase' is not recognized as the name of a cmdlet, function, script file, or operable program. Check the     
spelling of the name, or if a path was included, verify that the path is correct and try again.
At line:1 char:1
+ firebase login
+ ~~~~~~~~
    + CategoryInfo          : ObjectNotFound: (firebase:String) [], CommandNotFoundException
    + FullyQualifiedErrorId : CommandNotFoundException
 
PS F:\AngularTestApp\My-Ecommerce-Portal\organic-shop> npm install -g firebase-tools
npm WARN deprecated request@2.88.2: request has been deprecated, see https://github.com/request/request/issues/3142
npm WARN deprecated uuid@3.4.0: Please upgrade  to version 7 or higher.  Older versions may use Math.random() in certain circumstances, which is known to be problematic.  See https://v8.dev/blog/math-random for details.
npm WARN deprecated har-validator@5.1.5: this library is no longer supported
C:\Users\omen\AppData\Roaming\npm\firebase -> C:\Users\omen\AppData\Roaming\npm\node_modules\firebase-tools\lib\bin\firebase.js     

> re2@1.17.1 install C:\Users\omen\AppData\Roaming\npm\node_modules\firebase-tools\node_modules\re2
> install-from-cache --artifact build/Release/re2.node --host-var RE2_DOWNLOAD_MIRROR || npm run rebuild

Trying https://github.com/uhop/node-re2/releases/download/1.17.1/win32-x64-83.br ...
Writing to build/Release/re2.node ...
Done.

> protobufjs@6.11.2 postinstall C:\Users\omen\AppData\Roaming\npm\node_modules\firebase-tools\node_modules\protobufjs

npm WARN optional SKIPPING OPTIONAL DEPENDENCY: fsevents@~2.3.2 (node_modules\firebase-tools\node_modules\chokidar\node_modules\fsevents):
npm WARN notsup SKIPPING OPTIONAL DEPENDENCY: Unsupported platform for fsevents@2.3.2: wanted {"os":"darwin","arch":"any"} (current: {"os":"win32","arch":"x64"})

+ firebase-tools@10.0.0
added 693 packages from 428 contributors in 44.183s
PS F:\AngularTestApp\My-Ecommerce-Portal\organic-shop> firebase login
i  Firebase optionally collects CLI usage and error reporting information to help improve our products. Data is collected in accordance with Google's privacy policy (https://policies.google.com/privacy) and is not used to identify you.

? Allow Firebase to collect CLI usage and error reporting information? Yes
i  To change your data collection preference at any time, run `firebase logout` and log in again.

https://accounts.google.com/o/oauth2/auth?client_id=563584335869-fgrhgmd47bqnekij5i8b5pr03ho849e6.apps.googleusercontent.com&scope=email%20openid%20https%3A%2F%2Fwww.googleapis.com%2Fauth%2Fcloudplatformprojects.readonly%20https%3A%2F%2Fwww.googleapis.com%2Fauth%2Ffirebase%20https%3A%2F%2Fwww.googleapis.com%2Fauth%2Fcloud-platform&response_type=code&state=965638820&redirect_uri=http%3A%2F%2Flocalhost%3A9005

Waiting for authentication...

+  Success! Logged in as tanmoy.saha87@gmail.com
PS F:\AngularTestApp\My-Ecommerce-Portal\organic-shop> firebase init

     ######## #### ########  ######## ########     ###     ######  ########
     ##        ##  ##     ## ##       ##     ##  ##   ##  ##       ##
     ######    ##  ########  ######   ########  #########  ######  ######
     ##        ##  ##    ##  ##       ##     ## ##     ##       ## ##
     ##       #### ##     ## ######## ########  ##     ##  ######  ########

You're about to initialize a Firebase project in this directory:

  F:\AngularTestApp\My-Ecommerce-Portal\organic-shop

? Are you ready to proceed? Yes
? Which Firebase features do you want to set up for this directory? Press Space to select features, then Enter to confirm your choices. (Press <space> to select, <a> to toggle all, <i> to invert selection)

Error: Must select at least one feature. Use SPACEBAR to select features, or specify a feature by running firebase init [feature_name]
PS F:\AngularTestApp\My-Ecommerce-Portal\organic-shop> firebase init

     ######## #### ########  ######## ########     ###     ######  ########
     ##        ##  ##     ## ##       ##     ##  ##   ##  ##       ##      
     ######    ##  ########  ######   ########  #########  ######  ######  
     ##        ##  ##    ##  ##       ##     ## ##     ##       ## ##      
     ##       #### ##     ## ######## ########  ##     ##  ######  ########

You're about to initialize a Firebase project in this directory:

  F:\AngularTestApp\My-Ecommerce-Portal\organic-shop

? Are you ready to proceed? Yes
? Which Firebase features do you want to set up for this directory? Press Space to select features, then Enter to confirm your choices. Hosting: Configure files for Firebase Hosting and (optionally) set up GitHub Action deploys

=== Project Setup

First, let's associate this project directory with a Firebase project.
You can create multiple project aliases by running firebase use --add,
but for now we'll just set up a default project.

? Please select an option: Use an existing project
? Select a default Firebase project for this directory: my-firebase-demo-ade3e (my-firebase-demo)
i  Using project my-firebase-demo-ade3e (my-firebase-demo)

=== Hosting Setup

Your public directory is the folder (relative to your project directory) that
will contain Hosting assets to be uploaded with firebase deploy. If you
have a build process for your assets, use your build's output directory.

? What do you want to use as your public directory? dist
? Configure as a single-page app (rewrite all urls to /index.html)? Yes
? Set up automatic builds and deploys with GitHub? Yes
+  Wrote dist/index.html

i  Detected a .git folder at F:\AngularTestApp\My-Ecommerce-Portal
i  Authorizing with GitHub to upload your service account to a GitHub repository's secrets store.

Visit this URL on this device to log in:
https://github.com/login/oauth/authorize?client_id=89cf50f02ac6aaed3484&state=623202439&redirect_uri=http%3A%2F%2Flocalhost%3A9005&scope=read%3Auser%20repo%20public_repo

Waiting for authentication...

+  Success! Logged into GitHub as Tanmoy1987

? For which GitHub repository would you like to set up a GitHub workflow? (format: user/repository) Tanmoy1987/My-Ecommerce-Portal

+  Created service account github-action-435633113 with Firebase Hosting admin permissions.
+  Uploaded service account JSON to GitHub as secret FIREBASE_SERVICE_ACCOUNT_MY_FIREBASE_DEMO_ADE3E.
i  You can manage your secrets at https://github.com/Tanmoy1987/My-Ecommerce-Portal/settings/secrets.

? Set up the workflow to run a build script before every deploy? Yes
? What script should be run before every deploy? npm run build

+  Created workflow file F:\AngularTestApp\My-Ecommerce-Portal\.github/workflows/firebase-hosting-pull-request.yml
? Set up automatic deployment to your site's live channel when a PR is merged? Yes
? What is the name of the GitHub branch associated with your site's live channel? main
+  Created workflow file F:\AngularTestApp\My-Ecommerce-Portal\.github/workflows/firebase-hosting-merge.yml

i  Action required: Visit this URL to revoke authorization for the Firebase CLI GitHub OAuth App:
https://github.com/settings/connections/applications/89cf50f02ac6aaed3484
i  Action required: Push any new workflow file(s) to your repo

i  Writing configuration info to firebase.json...
i  Writing project information to .firebaserc...

+  Firebase initialization complete!
PS F:\AngularTestApp\My-Ecommerce-Portal\organic-shop> npm run build

> organic-shop@0.0.0 build F:\AngularTestApp\My-Ecommerce-Portal\organic-shop
> ng build

✔ Browser application bundle generation complete.
✔ Copying assets complete.
✔ Index html generation complete.

Initial Chunk Files               | Names         |      Size
main.7fa91349bc5a41e4141e.js      | main          | 585.00 kB
polyfills.4b0d0bc4ab35928df383.js | polyfills     |  35.98 kB
runtime.9aeef9907524744cf814.js   | runtime       |   1.44 kB
styles.31d6cfe0d16ae931b73c.css   | styles        |   0 bytes

                                  | Initial Total | 622.42 kB

Build at: 2021-12-16T10:15:25.516Z - Hash: 65cc6c2562a2c657b1e0 - Time: 25552ms

Warning: initial exceeded maximum budget. Budget 500.00 kB was not met by 122.42 kB with a total of 622.42 kB.


PS F:\AngularTestApp\My-Ecommerce-Portal\organic-shop> firebase deploy

=== Deploying to 'my-firebase-demo-ade3e'...

i  deploying hosting
i  hosting[my-firebase-demo-ade3e]: beginning deploy...
i  hosting[my-firebase-demo-ade3e]: found 8 files in dist
+  hosting[my-firebase-demo-ade3e]: file upload complete
i  hosting[my-firebase-demo-ade3e]: finalizing version...
+  hosting[my-firebase-demo-ade3e]: version finalized
i  hosting[my-firebase-demo-ade3e]: releasing new version...
+  hosting[my-firebase-demo-ade3e]: release complete

+  Deploy complete!

Project Console: https://console.firebase.google.com/project/my-firebase-demo-ade3e/overview
Hosting URL: https://my-firebase-demo-ade3e.web.app
PS F:\AngularTestApp\My-Ecommerce-Portal\organic-shop>